// Jest Snapshot v1, https://goo.gl/fbAQLP

exports[`matches snapshot 1`] = `
<DocumentFragment>
  <div
    class="App"
  >
    <div>
      <div>
        <form>
          <div>
            <label
              for="backgroundColor"
            >
              Color
            </label>
            <input
              id="backgroundColor"
              name="backgroundColor"
              placeholder="backgroundColor"
              type="text"
              value=""
            />
          </div>
          <div>
            <label
              for="width"
            >
              Width
            </label>
            <input
              id="width"
              name="width"
              placeholder="width"
              type="text"
              value=""
            />
          </div>
          <div>
            <label
              for="height"
            >
              Height
            </label>
            <input
              id="height"
              name="height"
              placeholder="height"
              type="text"
              value=""
            />
          </div>
          <button
            id="newBoxButton"
          >
            Add New Box!
          </button>
        </form>
      </div>
    </div>
  </div>
</DocumentFragment>
`;
